[07:01] PDDLP_TOKEN_LPAREN (
[07:02] PDDLP_TOKEN_DEFINE define
[07:09] PDDLP_TOKEN_LPAREN (
[07:10] PDDLP_TOKEN_DOMAIN domain
[07:17] PDDLP_TOKEN_NAME BLOCKS
[07:23] PDDLP_TOKEN_RPAREN )
[08:03] PDDLP_TOKEN_LPAREN (
[08:04] PDDLP_TOKEN_SYM_REQUIREMENTS :requirements
[08:18] PDDLP_TOKEN_SYM_STRIPS :strips
[08:26] PDDLP_TOKEN_SYM_TYPING :typing
[08:33] PDDLP_TOKEN_RPAREN )
[09:03] PDDLP_TOKEN_LPAREN (
[09:04] PDDLP_TOKEN_SYM_TYPES :types
[09:11] PDDLP_TOKEN_NAME block
[09:16] PDDLP_TOKEN_RPAREN )
[10:03] PDDLP_TOKEN_LPAREN (
[10:04] PDDLP_TOKEN_SYM_PREDICATES :predicates
[10:16] PDDLP_TOKEN_LPAREN (
[10:17] PDDLP_TOKEN_NAME on
[10:20] PDDLP_TOKEN_VARIABLE ?x
[10:23] PDDLP_TOKEN_MINUS -
[10:25] PDDLP_TOKEN_NAME block
[10:31] PDDLP_TOKEN_VARIABLE ?y
[10:34] PDDLP_TOKEN_MINUS -
[10:36] PDDLP_TOKEN_NAME block
[10:41] PDDLP_TOKEN_RPAREN )
[11:09] PDDLP_TOKEN_LPAREN (
[11:10] PDDLP_TOKEN_NAME ontable
[11:18] PDDLP_TOKEN_VARIABLE ?x
[11:21] PDDLP_TOKEN_MINUS -
[11:23] PDDLP_TOKEN_NAME block
[11:28] PDDLP_TOKEN_RPAREN )
[12:09] PDDLP_TOKEN_LPAREN (
[12:10] PDDLP_TOKEN_NAME clear
[12:16] PDDLP_TOKEN_VARIABLE ?x
[12:19] PDDLP_TOKEN_MINUS -
[12:21] PDDLP_TOKEN_NAME block
[12:26] PDDLP_TOKEN_RPAREN )
[13:09] PDDLP_TOKEN_LPAREN (
[13:10] PDDLP_TOKEN_NAME handempty
[13:19] PDDLP_TOKEN_RPAREN )
[14:09] PDDLP_TOKEN_LPAREN (
[14:10] PDDLP_TOKEN_NAME holding
[14:18] PDDLP_TOKEN_VARIABLE ?x
[14:21] PDDLP_TOKEN_MINUS -
[14:23] PDDLP_TOKEN_NAME block
[14:28] PDDLP_TOKEN_RPAREN )
[15:09] PDDLP_TOKEN_RPAREN )
[17:03] PDDLP_TOKEN_LPAREN (
[17:04] PDDLP_TOKEN_SYM_ACTION :action
[17:12] PDDLP_TOKEN_NAME pick-up
[18:07] PDDLP_TOKEN_SYM_PARAMETERS :parameters
[18:19] PDDLP_TOKEN_LPAREN (
[18:20] PDDLP_TOKEN_VARIABLE ?x
[18:23] PDDLP_TOKEN_MINUS -
[18:25] PDDLP_TOKEN_NAME block
[18:30] PDDLP_TOKEN_RPAREN )
[19:07] PDDLP_TOKEN_SYM_PRECONDITION :precondition
[19:21] PDDLP_TOKEN_LPAREN (
[19:22] PDDLP_TOKEN_AND and
[19:26] PDDLP_TOKEN_LPAREN (
[19:27] PDDLP_TOKEN_NAME clear
[19:33] PDDLP_TOKEN_VARIABLE ?x
[19:35] PDDLP_TOKEN_RPAREN )
[19:37] PDDLP_TOKEN_LPAREN (
[19:38] PDDLP_TOKEN_NAME ontable
[19:46] PDDLP_TOKEN_VARIABLE ?x
[19:48] PDDLP_TOKEN_RPAREN )
[19:50] PDDLP_TOKEN_LPAREN (
[19:51] PDDLP_TOKEN_NAME handempty
[19:60] PDDLP_TOKEN_RPAREN )
[19:61] PDDLP_TOKEN_RPAREN )
[20:07] PDDLP_TOKEN_SYM_EFFECT :effect
[21:07] PDDLP_TOKEN_LPAREN (
[21:08] PDDLP_TOKEN_AND and
[21:12] PDDLP_TOKEN_LPAREN (
[21:13] PDDLP_TOKEN_NOT not
[21:17] PDDLP_TOKEN_LPAREN (
[21:18] PDDLP_TOKEN_NAME ontable
[21:26] PDDLP_TOKEN_VARIABLE ?x
[21:28] PDDLP_TOKEN_RPAREN )
[21:29] PDDLP_TOKEN_RPAREN )
[22:06] PDDLP_TOKEN_LPAREN (
[22:07] PDDLP_TOKEN_NOT not
[22:11] PDDLP_TOKEN_LPAREN (
[22:12] PDDLP_TOKEN_NAME clear
[22:18] PDDLP_TOKEN_VARIABLE ?x
[22:20] PDDLP_TOKEN_RPAREN )
[22:21] PDDLP_TOKEN_RPAREN )
[23:06] PDDLP_TOKEN_LPAREN (
[23:07] PDDLP_TOKEN_NOT not
[23:11] PDDLP_TOKEN_LPAREN (
[23:12] PDDLP_TOKEN_NAME handempty
[23:21] PDDLP_TOKEN_RPAREN )
[23:22] PDDLP_TOKEN_RPAREN )
[24:06] PDDLP_TOKEN_LPAREN (
[24:07] PDDLP_TOKEN_NAME holding
[24:15] PDDLP_TOKEN_VARIABLE ?x
[24:17] PDDLP_TOKEN_RPAREN )
[24:18] PDDLP_TOKEN_RPAREN )
[24:19] PDDLP_TOKEN_RPAREN )
[26:03] PDDLP_TOKEN_LPAREN (
[26:04] PDDLP_TOKEN_SYM_ACTION :action
[26:12] PDDLP_TOKEN_NAME put-down
[27:07] PDDLP_TOKEN_SYM_PARAMETERS :parameters
[27:19] PDDLP_TOKEN_LPAREN (
[27:20] PDDLP_TOKEN_VARIABLE ?x
[27:23] PDDLP_TOKEN_MINUS -
[27:25] PDDLP_TOKEN_NAME block
[27:30] PDDLP_TOKEN_RPAREN )
[28:07] PDDLP_TOKEN_SYM_PRECONDITION :precondition
[28:21] PDDLP_TOKEN_LPAREN (
[28:22] PDDLP_TOKEN_NAME holding
[28:30] PDDLP_TOKEN_VARIABLE ?x
[28:32] PDDLP_TOKEN_RPAREN )
[29:07] PDDLP_TOKEN_SYM_EFFECT :effect
[30:07] PDDLP_TOKEN_LPAREN (
[30:08] PDDLP_TOKEN_AND and
[30:12] PDDLP_TOKEN_LPAREN (
[30:13] PDDLP_TOKEN_NOT not
[30:17] PDDLP_TOKEN_LPAREN (
[30:18] PDDLP_TOKEN_NAME holding
[30:26] PDDLP_TOKEN_VARIABLE ?x
[30:28] PDDLP_TOKEN_RPAREN )
[30:29] PDDLP_TOKEN_RPAREN )
[31:06] PDDLP_TOKEN_LPAREN (
[31:07] PDDLP_TOKEN_NAME clear
[31:13] PDDLP_TOKEN_VARIABLE ?x
[31:15] PDDLP_TOKEN_RPAREN )
[32:06] PDDLP_TOKEN_LPAREN (
[32:07] PDDLP_TOKEN_NAME handempty
[32:16] PDDLP_TOKEN_RPAREN )
[33:06] PDDLP_TOKEN_LPAREN (
[33:07] PDDLP_TOKEN_NAME ontable
[33:15] PDDLP_TOKEN_VARIABLE ?x
[33:17] PDDLP_TOKEN_RPAREN )
[33:18] PDDLP_TOKEN_RPAREN )
[33:19] PDDLP_TOKEN_RPAREN )
[34:03] PDDLP_TOKEN_LPAREN (
[34:04] PDDLP_TOKEN_SYM_ACTION :action
[34:12] PDDLP_TOKEN_NAME stack
[35:07] PDDLP_TOKEN_SYM_PARAMETERS :parameters
[35:19] PDDLP_TOKEN_LPAREN (
[35:20] PDDLP_TOKEN_VARIABLE ?x
[35:23] PDDLP_TOKEN_MINUS -
[35:25] PDDLP_TOKEN_NAME block
[35:31] PDDLP_TOKEN_VARIABLE ?y
[35:34] PDDLP_TOKEN_MINUS -
[35:36] PDDLP_TOKEN_NAME block
[35:41] PDDLP_TOKEN_RPAREN )
[36:07] PDDLP_TOKEN_SYM_PRECONDITION :precondition
[36:21] PDDLP_TOKEN_LPAREN (
[36:22] PDDLP_TOKEN_AND and
[36:26] PDDLP_TOKEN_LPAREN (
[36:27] PDDLP_TOKEN_NAME holding
[36:35] PDDLP_TOKEN_VARIABLE ?x
[36:37] PDDLP_TOKEN_RPAREN )
[36:39] PDDLP_TOKEN_LPAREN (
[36:40] PDDLP_TOKEN_NAME clear
[36:46] PDDLP_TOKEN_VARIABLE ?y
[36:48] PDDLP_TOKEN_RPAREN )
[36:49] PDDLP_TOKEN_RPAREN )
[37:07] PDDLP_TOKEN_SYM_EFFECT :effect
[38:07] PDDLP_TOKEN_LPAREN (
[38:08] PDDLP_TOKEN_AND and
[38:12] PDDLP_TOKEN_LPAREN (
[38:13] PDDLP_TOKEN_NOT not
[38:17] PDDLP_TOKEN_LPAREN (
[38:18] PDDLP_TOKEN_NAME holding
[38:26] PDDLP_TOKEN_VARIABLE ?x
[38:28] PDDLP_TOKEN_RPAREN )
[38:29] PDDLP_TOKEN_RPAREN )
[39:06] PDDLP_TOKEN_LPAREN (
[39:07] PDDLP_TOKEN_NOT not
[39:11] PDDLP_TOKEN_LPAREN (
[39:12] PDDLP_TOKEN_NAME clear
[39:18] PDDLP_TOKEN_VARIABLE ?y
[39:20] PDDLP_TOKEN_RPAREN )
[39:21] PDDLP_TOKEN_RPAREN )
[40:06] PDDLP_TOKEN_LPAREN (
[40:07] PDDLP_TOKEN_NAME clear
[40:13] PDDLP_TOKEN_VARIABLE ?x
[40:15] PDDLP_TOKEN_RPAREN )
[41:06] PDDLP_TOKEN_LPAREN (
[41:07] PDDLP_TOKEN_NAME handempty
[41:16] PDDLP_TOKEN_RPAREN )
[42:06] PDDLP_TOKEN_LPAREN (
[42:07] PDDLP_TOKEN_NAME on
[42:10] PDDLP_TOKEN_VARIABLE ?x
[42:13] PDDLP_TOKEN_VARIABLE ?y
[42:15] PDDLP_TOKEN_RPAREN )
[42:16] PDDLP_TOKEN_RPAREN )
[42:17] PDDLP_TOKEN_RPAREN )
[43:03] PDDLP_TOKEN_LPAREN (
[43:04] PDDLP_TOKEN_SYM_ACTION :action
[43:12] PDDLP_TOKEN_NAME unstack
[44:07] PDDLP_TOKEN_SYM_PARAMETERS :parameters
[44:19] PDDLP_TOKEN_LPAREN (
[44:20] PDDLP_TOKEN_VARIABLE ?x
[44:23] PDDLP_TOKEN_MINUS -
[44:25] PDDLP_TOKEN_NAME block
[44:31] PDDLP_TOKEN_VARIABLE ?y
[44:34] PDDLP_TOKEN_MINUS -
[44:36] PDDLP_TOKEN_NAME block
[44:41] PDDLP_TOKEN_RPAREN )
[45:07] PDDLP_TOKEN_SYM_PRECONDITION :precondition
[45:21] PDDLP_TOKEN_LPAREN (
[45:22] PDDLP_TOKEN_AND and
[45:26] PDDLP_TOKEN_LPAREN (
[45:27] PDDLP_TOKEN_NAME on
[45:30] PDDLP_TOKEN_VARIABLE ?x
[45:33] PDDLP_TOKEN_VARIABLE ?y
[45:35] PDDLP_TOKEN_RPAREN )
[45:37] PDDLP_TOKEN_LPAREN (
[45:38] PDDLP_TOKEN_NAME clear
[45:44] PDDLP_TOKEN_VARIABLE ?x
[45:46] PDDLP_TOKEN_RPAREN )
[45:48] PDDLP_TOKEN_LPAREN (
[45:49] PDDLP_TOKEN_NAME handempty
[45:58] PDDLP_TOKEN_RPAREN )
[45:59] PDDLP_TOKEN_RPAREN )
[46:07] PDDLP_TOKEN_SYM_EFFECT :effect
[47:07] PDDLP_TOKEN_LPAREN (
[47:08] PDDLP_TOKEN_AND and
[47:12] PDDLP_TOKEN_LPAREN (
[47:13] PDDLP_TOKEN_NAME holding
[47:21] PDDLP_TOKEN_VARIABLE ?x
[47:23] PDDLP_TOKEN_RPAREN )
[48:06] PDDLP_TOKEN_LPAREN (
[48:07] PDDLP_TOKEN_NAME clear
[48:13] PDDLP_TOKEN_VARIABLE ?y
[48:15] PDDLP_TOKEN_RPAREN )
[49:06] PDDLP_TOKEN_LPAREN (
[49:07] PDDLP_TOKEN_NOT not
[49:11] PDDLP_TOKEN_LPAREN (
[49:12] PDDLP_TOKEN_NAME clear
[49:18] PDDLP_TOKEN_VARIABLE ?x
[49:20] PDDLP_TOKEN_RPAREN )
[49:21] PDDLP_TOKEN_RPAREN )
[50:06] PDDLP_TOKEN_LPAREN (
[50:07] PDDLP_TOKEN_NOT not
[50:11] PDDLP_TOKEN_LPAREN (
[50:12] PDDLP_TOKEN_NAME handempty
[50:21] PDDLP_TOKEN_RPAREN )
[50:22] PDDLP_TOKEN_RPAREN )
[51:06] PDDLP_TOKEN_LPAREN (
[51:07] PDDLP_TOKEN_NOT not
[51:11] PDDLP_TOKEN_LPAREN (
[51:12] PDDLP_TOKEN_NAME on
[51:15] PDDLP_TOKEN_VARIABLE ?x
[51:18] PDDLP_TOKEN_VARIABLE ?y
[51:20] PDDLP_TOKEN_RPAREN )
[51:21] PDDLP_TOKEN_RPAREN )
[51:22] PDDLP_TOKEN_RPAREN )
[51:23] PDDLP_TOKEN_RPAREN )
[51:24] PDDLP_TOKEN_RPAREN )
EOF