[01:01] PDDLP_TOKEN_LPAREN (
[01:02] PDDLP_TOKEN_DEFINE define
[01:09] PDDLP_TOKEN_LPAREN (
[01:10] PDDLP_TOKEN_PROBLEM problem
[01:18] PDDLP_TOKEN_NAME CrewPlanning_1crew_2day_100utilization
[01:56] PDDLP_TOKEN_RPAREN )
[02:01] PDDLP_TOKEN_LPAREN (
[02:02] PDDLP_TOKEN_SYM_DOMAIN :domain
[02:10] PDDLP_TOKEN_NAME CrewPlanning
[02:22] PDDLP_TOKEN_RPAREN )
[03:01] PDDLP_TOKEN_LPAREN (
[03:02] PDDLP_TOKEN_SYM_OBJECTS :objects
[04:02] PDDLP_TOKEN_NAME d0
[04:05] PDDLP_TOKEN_NAME d1
[04:08] PDDLP_TOKEN_NAME d2
[04:11] PDDLP_TOKEN_NAME d3
[04:14] PDDLP_TOKEN_MINUS -
[04:16] PDDLP_TOKEN_NAME Day
[06:02] PDDLP_TOKEN_NAME c1
[06:05] PDDLP_TOKEN_MINUS -
[06:07] PDDLP_TOKEN_NAME CrewMember
[07:02] PDDLP_TOKEN_NAME mcs1
[07:07] PDDLP_TOKEN_MINUS -
[07:09] PDDLP_TOKEN_NAME MedicalState
[09:02] PDDLP_TOKEN_NAME spaceshipFilter
[09:18] PDDLP_TOKEN_MINUS -
[09:20] PDDLP_TOKEN_NAME FilterState
[11:02] PDDLP_TOKEN_NAME rpcm1
[11:08] PDDLP_TOKEN_MINUS -
[11:10] PDDLP_TOKEN_NAME RPCM
[13:02] PDDLP_TOKEN_NAME pa2_1
[13:08] PDDLP_TOKEN_NAME pa2_2
[13:14] PDDLP_TOKEN_NAME pa2_3
[13:20] PDDLP_TOKEN_NAME pa2_4
[13:26] PDDLP_TOKEN_NAME pa2_5
[13:32] PDDLP_TOKEN_NAME pa2_6
[13:38] PDDLP_TOKEN_NAME pa2_7
[13:44] PDDLP_TOKEN_MINUS -
[13:46] PDDLP_TOKEN_NAME PayloadAct
[15:02] PDDLP_TOKEN_NAME e1
[15:05] PDDLP_TOKEN_MINUS -
[15:07] PDDLP_TOKEN_NAME ExerEquipment
[16:01] PDDLP_TOKEN_RPAREN )
[18:01] PDDLP_TOKEN_LPAREN (
[18:02] PDDLP_TOKEN_SYM_INIT :init
[19:02] PDDLP_TOKEN_LPAREN (
[19:03] PDDLP_TOKEN_NAME currentday
[19:14] PDDLP_TOKEN_NAME c1
[19:17] PDDLP_TOKEN_NAME d0
[19:19] PDDLP_TOKEN_RPAREN )
[20:02] PDDLP_TOKEN_LPAREN (
[20:03] PDDLP_TOKEN_NAME done_sleep
[20:14] PDDLP_TOKEN_NAME c1
[20:17] PDDLP_TOKEN_NAME d0
[20:19] PDDLP_TOKEN_RPAREN )
[21:02] PDDLP_TOKEN_LPAREN (
[21:03] PDDLP_TOKEN_NAME available
[21:13] PDDLP_TOKEN_NAME c1
[21:15] PDDLP_TOKEN_RPAREN )
[22:02] PDDLP_TOKEN_LPAREN (
[22:03] PDDLP_TOKEN_NAME initiated
[22:13] PDDLP_TOKEN_NAME d1
[22:15] PDDLP_TOKEN_RPAREN )
[23:02] PDDLP_TOKEN_LPAREN (
[23:03] PDDLP_TOKEN_NAME next
[23:08] PDDLP_TOKEN_NAME d0
[23:11] PDDLP_TOKEN_NAME d1
[23:13] PDDLP_TOKEN_RPAREN )
[24:02] PDDLP_TOKEN_LPAREN (
[24:03] PDDLP_TOKEN_NAME next
[24:08] PDDLP_TOKEN_NAME d1
[24:11] PDDLP_TOKEN_NAME d2
[24:13] PDDLP_TOKEN_RPAREN )
[25:02] PDDLP_TOKEN_LPAREN (
[25:03] PDDLP_TOKEN_NAME next
[25:08] PDDLP_TOKEN_NAME d2
[25:11] PDDLP_TOKEN_NAME d3
[25:13] PDDLP_TOKEN_RPAREN )
[27:02] PDDLP_TOKEN_LPAREN (
[27:03] PDDLP_TOKEN_NAME unused
[27:10] PDDLP_TOKEN_NAME e1
[27:12] PDDLP_TOKEN_RPAREN )
[28:02] PDDLP_TOKEN_RPAREN )
[30:01] PDDLP_TOKEN_LPAREN (
[30:02] PDDLP_TOKEN_SYM_GOAL :goal
[31:01] PDDLP_TOKEN_LPAREN (
[31:02] PDDLP_TOKEN_AND and
[32:02] PDDLP_TOKEN_LPAREN (
[32:03] PDDLP_TOKEN_NAME done_sleep
[32:14] PDDLP_TOKEN_NAME c1
[32:17] PDDLP_TOKEN_NAME d1
[32:19] PDDLP_TOKEN_RPAREN )
[33:02] PDDLP_TOKEN_LPAREN (
[33:03] PDDLP_TOKEN_NAME done_sleep
[33:14] PDDLP_TOKEN_NAME c1
[33:17] PDDLP_TOKEN_NAME d2
[33:19] PDDLP_TOKEN_RPAREN )
[34:02] PDDLP_TOKEN_LPAREN (
[34:03] PDDLP_TOKEN_NAME initiated
[34:13] PDDLP_TOKEN_NAME d3
[34:15] PDDLP_TOKEN_RPAREN )
[36:02] PDDLP_TOKEN_LPAREN (
[36:03] PDDLP_TOKEN_NAME mcs_finished
[36:16] PDDLP_TOKEN_NAME mcs1
[36:21] PDDLP_TOKEN_NAME d2
[36:23] PDDLP_TOKEN_RPAREN )
[38:02] PDDLP_TOKEN_LPAREN (
[38:03] PDDLP_TOKEN_NAME changed
[38:11] PDDLP_TOKEN_NAME spaceshipFilter
[38:27] PDDLP_TOKEN_NAME d1
[38:29] PDDLP_TOKEN_RPAREN )
[39:02] PDDLP_TOKEN_LPAREN (
[39:03] PDDLP_TOKEN_NAME changed
[39:11] PDDLP_TOKEN_NAME spaceshipFilter
[39:27] PDDLP_TOKEN_NAME d2
[39:29] PDDLP_TOKEN_RPAREN )
[41:02] PDDLP_TOKEN_LPAREN (
[41:03] PDDLP_TOKEN_NAME done_rpcm
[41:13] PDDLP_TOKEN_NAME rpcm1
[41:19] PDDLP_TOKEN_NAME d1
[41:21] PDDLP_TOKEN_RPAREN )
[43:02] PDDLP_TOKEN_LPAREN (
[43:03] PDDLP_TOKEN_NAME payload_act_completed
[43:25] PDDLP_TOKEN_NAME pa2_1
[43:31] PDDLP_TOKEN_NAME d2
[43:33] PDDLP_TOKEN_RPAREN )
[44:02] PDDLP_TOKEN_LPAREN (
[44:03] PDDLP_TOKEN_NAME payload_act_completed
[44:25] PDDLP_TOKEN_NAME pa2_2
[44:31] PDDLP_TOKEN_NAME d2
[44:33] PDDLP_TOKEN_RPAREN )
[45:02] PDDLP_TOKEN_LPAREN (
[45:03] PDDLP_TOKEN_NAME payload_act_completed
[45:25] PDDLP_TOKEN_NAME pa2_3
[45:31] PDDLP_TOKEN_NAME d2
[45:33] PDDLP_TOKEN_RPAREN )
[46:02] PDDLP_TOKEN_LPAREN (
[46:03] PDDLP_TOKEN_NAME payload_act_completed
[46:25] PDDLP_TOKEN_NAME pa2_4
[46:31] PDDLP_TOKEN_NAME d2
[46:33] PDDLP_TOKEN_RPAREN )
[47:02] PDDLP_TOKEN_LPAREN (
[47:03] PDDLP_TOKEN_NAME payload_act_completed
[47:25] PDDLP_TOKEN_NAME pa2_5
[47:31] PDDLP_TOKEN_NAME d2
[47:33] PDDLP_TOKEN_RPAREN )
[48:02] PDDLP_TOKEN_LPAREN (
[48:03] PDDLP_TOKEN_NAME payload_act_completed
[48:25] PDDLP_TOKEN_NAME pa2_6
[48:31] PDDLP_TOKEN_NAME d2
[48:33] PDDLP_TOKEN_RPAREN )
[49:02] PDDLP_TOKEN_LPAREN (
[49:03] PDDLP_TOKEN_NAME payload_act_completed
[49:25] PDDLP_TOKEN_NAME pa2_7
[49:31] PDDLP_TOKEN_NAME d2
[49:33] PDDLP_TOKEN_RPAREN )
[50:01] PDDLP_TOKEN_RPAREN )
[51:01] PDDLP_TOKEN_RPAREN )
[52:01] PDDLP_TOKEN_LPAREN (
[52:02] PDDLP_TOKEN_SYM_METRIC :metric
[52:10] PDDLP_TOKEN_MINIMIZE minimize
[52:19] PDDLP_TOKEN_LPAREN (
[52:20] PDDLP_TOKEN_TOTAL_TIME total-time
[52:30] PDDLP_TOKEN_RPAREN )
[52:31] PDDLP_TOKEN_RPAREN )
[53:01] PDDLP_TOKEN_RPAREN )
EOF