[01:01] PDDLP_TOKEN_ALL all
[02:01] PDDLP_TOKEN_DECREASE decrease
[03:01] PDDLP_TOKEN_DEFINE define
[04:01] PDDLP_TOKEN_DOMAIN domain
[05:01] PDDLP_TOKEN_EITHER either
[06:01] PDDLP_TOKEN_END end
[07:01] PDDLP_TOKEN_EXISTS exists
[08:01] PDDLP_TOKEN_FORALL forall
[09:01] PDDLP_TOKEN_HOLD_AFTER hold-after
[10:01] PDDLP_TOKEN_HOLD_DURING hold-during
[11:01] PDDLP_TOKEN_IMPLY imply
[12:01] PDDLP_TOKEN_INCREASE increase
[13:01] PDDLP_TOKEN_IS_VIOLATED is-violated
[14:01] PDDLP_TOKEN_MAXIMIZE maximize
[15:01] PDDLP_TOKEN_MINIMIZE minimize
[16:01] PDDLP_TOKEN_NOT not
[17:01] PDDLP_TOKEN_OBJECT object
[18:01] PDDLP_TOKEN_OR or
[19:01] PDDLP_TOKEN_OVER over
[20:01] PDDLP_TOKEN_PREFERENCE preference
[21:01] PDDLP_TOKEN_PROBLEM problem
[22:01] PDDLP_TOKEN_SCALE_UP scale-up
[23:01] PDDLP_TOKEN_START start
[24:01] PDDLP_TOKEN_TOTAL_TIME total-time
[25:01] PDDLP_TOKEN_UNDEFINED undefined
[26:01] PDDLP_TOKEN_WHEN when
[27:01] PDDLP_TOKEN_WITHIN within
EOF