[01:01] PDDLP_TOKEN_DECREASE decrease
[02:01] PDDLP_TOKEN_DOMAIN domain
[03:01] PDDLP_TOKEN_EITHER either
[04:01] PDDLP_TOKEN_END end
[05:01] PDDLP_TOKEN_EXISTS exists
[06:01] PDDLP_TOKEN_FORALL forall
[07:01] PDDLP_TOKEN_IMPLY imply
[08:01] PDDLP_TOKEN_INCREASE increase
[09:01] PDDLP_TOKEN_IS_VIOLATED is-violated
[10:01] PDDLP_TOKEN_MAXIMIZE maximize
[11:01] PDDLP_TOKEN_MINIMIZE minimize
[12:01] PDDLP_TOKEN_NOT not
[13:01] PDDLP_TOKEN_OBJECT object
[14:01] PDDLP_TOKEN_OR or
[15:01] PDDLP_TOKEN_OVER over
[16:01] PDDLP_TOKEN_PREFERENCE preference
[17:01] PDDLP_TOKEN_PROBLEM problem
[18:01] PDDLP_TOKEN_TOTAL_TIME total-time
[19:01] PDDLP_TOKEN_UNDEFINED undefined
[20:01] PDDLP_TOKEN_WHEN when
[21:01] PDDLP_TOKEN_WITHIN within
EOF