[03:01] PDDLP_TOKEN_LPAREN (
[03:02] PDDLP_TOKEN_DEFINE define
[03:09] PDDLP_TOKEN_LPAREN (
[03:10] PDDLP_TOKEN_DOMAIN domain
[03:17] PDDLP_TOKEN_NAME sokoban-temporal
[03:33] PDDLP_TOKEN_RPAREN )
[04:03] PDDLP_TOKEN_LPAREN (
[04:04] PDDLP_TOKEN_SYM_REQUIREMENTS :requirements
[04:18] PDDLP_TOKEN_SYM_TYPING :typing
[04:26] PDDLP_TOKEN_SYM_DURATIVE_ACTIONS :durative-actions
[04:43] PDDLP_TOKEN_RPAREN )
[05:03] PDDLP_TOKEN_LPAREN (
[05:04] PDDLP_TOKEN_SYM_TYPES :types
[05:11] PDDLP_TOKEN_NAME thing
[05:17] PDDLP_TOKEN_NAME location
[05:26] PDDLP_TOKEN_NAME direction
[05:36] PDDLP_TOKEN_MINUS -
[05:38] PDDLP_TOKEN_OBJECT object
[06:11] PDDLP_TOKEN_NAME player
[06:18] PDDLP_TOKEN_NAME stone
[06:24] PDDLP_TOKEN_MINUS -
[06:26] PDDLP_TOKEN_NAME thing
[06:31] PDDLP_TOKEN_RPAREN )
[07:03] PDDLP_TOKEN_LPAREN (
[07:04] PDDLP_TOKEN_SYM_PREDICATES :predicates
[07:16] PDDLP_TOKEN_LPAREN (
[07:17] PDDLP_TOKEN_NAME clear
[07:23] PDDLP_TOKEN_VARIABLE ?l
[07:26] PDDLP_TOKEN_MINUS -
[07:28] PDDLP_TOKEN_NAME location
[07:36] PDDLP_TOKEN_RPAREN )
[08:09] PDDLP_TOKEN_LPAREN (
[08:10] PDDLP_TOKEN_AT at
[08:13] PDDLP_TOKEN_VARIABLE ?t
[08:16] PDDLP_TOKEN_MINUS -
[08:18] PDDLP_TOKEN_NAME thing
[08:24] PDDLP_TOKEN_VARIABLE ?l
[08:27] PDDLP_TOKEN_MINUS -
[08:29] PDDLP_TOKEN_NAME location
[08:37] PDDLP_TOKEN_RPAREN )
[09:09] PDDLP_TOKEN_LPAREN (
[09:10] PDDLP_TOKEN_NAME at-goal
[09:18] PDDLP_TOKEN_VARIABLE ?s
[09:21] PDDLP_TOKEN_MINUS -
[09:23] PDDLP_TOKEN_NAME stone
[09:28] PDDLP_TOKEN_RPAREN )
[10:09] PDDLP_TOKEN_LPAREN (
[10:10] PDDLP_TOKEN_NAME IS-GOAL
[10:18] PDDLP_TOKEN_VARIABLE ?l
[10:21] PDDLP_TOKEN_MINUS -
[10:23] PDDLP_TOKEN_NAME location
[10:31] PDDLP_TOKEN_RPAREN )
[11:09] PDDLP_TOKEN_LPAREN (
[11:10] PDDLP_TOKEN_NAME IS-NONGOAL
[11:21] PDDLP_TOKEN_VARIABLE ?l
[11:24] PDDLP_TOKEN_MINUS -
[11:26] PDDLP_TOKEN_NAME location
[11:34] PDDLP_TOKEN_RPAREN )
[12:16] PDDLP_TOKEN_LPAREN (
[12:17] PDDLP_TOKEN_NAME MOVE-DIR
[12:26] PDDLP_TOKEN_VARIABLE ?from
[12:32] PDDLP_TOKEN_VARIABLE ?to
[12:36] PDDLP_TOKEN_MINUS -
[12:38] PDDLP_TOKEN_NAME location
[12:47] PDDLP_TOKEN_VARIABLE ?dir
[12:52] PDDLP_TOKEN_MINUS -
[12:54] PDDLP_TOKEN_NAME direction
[12:63] PDDLP_TOKEN_RPAREN )
[12:64] PDDLP_TOKEN_RPAREN )
[14:03] PDDLP_TOKEN_LPAREN (
[14:04] PDDLP_TOKEN_SYM_DURATIVE_ACTION :durative-action
[14:21] PDDLP_TOKEN_NAME move
[15:04] PDDLP_TOKEN_SYM_PARAMETERS :parameters
[15:16] PDDLP_TOKEN_LPAREN (
[15:17] PDDLP_TOKEN_VARIABLE ?p
[15:20] PDDLP_TOKEN_MINUS -
[15:22] PDDLP_TOKEN_NAME player
[15:29] PDDLP_TOKEN_VARIABLE ?from
[15:35] PDDLP_TOKEN_VARIABLE ?to
[15:39] PDDLP_TOKEN_MINUS -
[15:41] PDDLP_TOKEN_NAME location
[15:50] PDDLP_TOKEN_VARIABLE ?dir
[15:55] PDDLP_TOKEN_MINUS -
[15:57] PDDLP_TOKEN_NAME direction
[15:66] PDDLP_TOKEN_RPAREN )
[16:04] PDDLP_TOKEN_SYM_DURATION :duration
[16:15] PDDLP_TOKEN_LPAREN (
[16:16] PDDLP_TOKEN_EQ =
[16:18] PDDLP_TOKEN_VARIABLE ?duration
[16:28] PDDLP_TOKEN_NUMBER 1
[16:29] PDDLP_TOKEN_RPAREN )
[17:04] PDDLP_TOKEN_SYM_CONDITION :condition
[17:15] PDDLP_TOKEN_LPAREN (
[17:16] PDDLP_TOKEN_AND and
[17:20] PDDLP_TOKEN_LPAREN (
[17:21] PDDLP_TOKEN_AT at
[17:24] PDDLP_TOKEN_START start
[17:30] PDDLP_TOKEN_LPAREN (
[17:31] PDDLP_TOKEN_AT at
[17:34] PDDLP_TOKEN_VARIABLE ?p
[17:37] PDDLP_TOKEN_VARIABLE ?from
[17:42] PDDLP_TOKEN_RPAREN )
[17:43] PDDLP_TOKEN_RPAREN )
[18:20] PDDLP_TOKEN_LPAREN (
[18:21] PDDLP_TOKEN_AT at
[18:24] PDDLP_TOKEN_START start
[18:30] PDDLP_TOKEN_LPAREN (
[18:31] PDDLP_TOKEN_NAME clear
[18:37] PDDLP_TOKEN_VARIABLE ?to
[18:40] PDDLP_TOKEN_RPAREN )
[18:41] PDDLP_TOKEN_RPAREN )
[19:20] PDDLP_TOKEN_LPAREN (
[19:21] PDDLP_TOKEN_OVER over
[19:26] PDDLP_TOKEN_ALL all
[19:30] PDDLP_TOKEN_LPAREN (
[19:31] PDDLP_TOKEN_NAME MOVE-DIR
[19:40] PDDLP_TOKEN_VARIABLE ?from
[19:46] PDDLP_TOKEN_VARIABLE ?to
[19:50] PDDLP_TOKEN_VARIABLE ?dir
[19:54] PDDLP_TOKEN_RPAREN )
[19:55] PDDLP_TOKEN_RPAREN )
[20:20] PDDLP_TOKEN_RPAREN )
[21:04] PDDLP_TOKEN_SYM_EFFECT :effect
[21:15] PDDLP_TOKEN_LPAREN (
[21:16] PDDLP_TOKEN_AND and
[21:20] PDDLP_TOKEN_LPAREN (
[21:21] PDDLP_TOKEN_AT at
[21:24] PDDLP_TOKEN_START start
[21:30] PDDLP_TOKEN_LPAREN (
[21:31] PDDLP_TOKEN_NOT not
[21:35] PDDLP_TOKEN_LPAREN (
[21:36] PDDLP_TOKEN_AT at
[21:39] PDDLP_TOKEN_VARIABLE ?p
[21:42] PDDLP_TOKEN_VARIABLE ?from
[21:47] PDDLP_TOKEN_RPAREN )
[21:48] PDDLP_TOKEN_RPAREN )
[21:49] PDDLP_TOKEN_RPAREN )
[22:20] PDDLP_TOKEN_LPAREN (
[22:21] PDDLP_TOKEN_AT at
[22:24] PDDLP_TOKEN_START start
[22:30] PDDLP_TOKEN_LPAREN (
[22:31] PDDLP_TOKEN_NOT not
[22:35] PDDLP_TOKEN_LPAREN (
[22:36] PDDLP_TOKEN_NAME clear
[22:42] PDDLP_TOKEN_VARIABLE ?to
[22:45] PDDLP_TOKEN_RPAREN )
[22:46] PDDLP_TOKEN_RPAREN )
[22:47] PDDLP_TOKEN_RPAREN )
[23:20] PDDLP_TOKEN_LPAREN (
[23:21] PDDLP_TOKEN_AT at
[23:24] PDDLP_TOKEN_END end
[23:28] PDDLP_TOKEN_LPAREN (
[23:29] PDDLP_TOKEN_AT at
[23:32] PDDLP_TOKEN_VARIABLE ?p
[23:35] PDDLP_TOKEN_VARIABLE ?to
[23:38] PDDLP_TOKEN_RPAREN )
[23:39] PDDLP_TOKEN_RPAREN )
[24:20] PDDLP_TOKEN_LPAREN (
[24:21] PDDLP_TOKEN_AT at
[24:24] PDDLP_TOKEN_END end
[24:28] PDDLP_TOKEN_LPAREN (
[24:29] PDDLP_TOKEN_NAME clear
[24:35] PDDLP_TOKEN_VARIABLE ?from
[24:40] PDDLP_TOKEN_RPAREN )
[24:41] PDDLP_TOKEN_RPAREN )
[25:20] PDDLP_TOKEN_RPAREN )
[26:04] PDDLP_TOKEN_RPAREN )
[28:03] PDDLP_TOKEN_LPAREN (
[28:04] PDDLP_TOKEN_SYM_DURATIVE_ACTION :durative-action
[28:21] PDDLP_TOKEN_NAME push-to-nongoal
[29:04] PDDLP_TOKEN_SYM_PARAMETERS :parameters
[29:16] PDDLP_TOKEN_LPAREN (
[29:17] PDDLP_TOKEN_VARIABLE ?p
[29:20] PDDLP_TOKEN_MINUS -
[29:22] PDDLP_TOKEN_NAME player
[29:29] PDDLP_TOKEN_VARIABLE ?s
[29:32] PDDLP_TOKEN_MINUS -
[29:34] PDDLP_TOKEN_NAME stone
[30:17] PDDLP_TOKEN_VARIABLE ?ppos
[30:23] PDDLP_TOKEN_VARIABLE ?from
[30:29] PDDLP_TOKEN_VARIABLE ?to
[30:33] PDDLP_TOKEN_MINUS -
[30:35] PDDLP_TOKEN_NAME location
[31:17] PDDLP_TOKEN_VARIABLE ?dir
[31:22] PDDLP_TOKEN_MINUS -
[31:24] PDDLP_TOKEN_NAME direction
[31:33] PDDLP_TOKEN_RPAREN )
[32:04] PDDLP_TOKEN_SYM_DURATION :duration
[32:14] PDDLP_TOKEN_LPAREN (
[32:15] PDDLP_TOKEN_EQ =
[32:17] PDDLP_TOKEN_VARIABLE ?duration
[32:27] PDDLP_TOKEN_NUMBER 1
[32:28] PDDLP_TOKEN_RPAREN )
[33:04] PDDLP_TOKEN_SYM_CONDITION :condition
[33:15] PDDLP_TOKEN_LPAREN (
[33:16] PDDLP_TOKEN_AND and
[33:20] PDDLP_TOKEN_LPAREN (
[33:21] PDDLP_TOKEN_AT at
[33:24] PDDLP_TOKEN_START start
[33:30] PDDLP_TOKEN_LPAREN (
[33:31] PDDLP_TOKEN_AT at
[33:34] PDDLP_TOKEN_VARIABLE ?p
[33:37] PDDLP_TOKEN_VARIABLE ?ppos
[33:42] PDDLP_TOKEN_RPAREN )
[33:43] PDDLP_TOKEN_RPAREN )
[34:20] PDDLP_TOKEN_LPAREN (
[34:21] PDDLP_TOKEN_AT at
[34:24] PDDLP_TOKEN_START start
[34:30] PDDLP_TOKEN_LPAREN (
[34:31] PDDLP_TOKEN_AT at
[34:34] PDDLP_TOKEN_VARIABLE ?s
[34:37] PDDLP_TOKEN_VARIABLE ?from
[34:42] PDDLP_TOKEN_RPAREN )
[34:43] PDDLP_TOKEN_RPAREN )
[35:20] PDDLP_TOKEN_LPAREN (
[35:21] PDDLP_TOKEN_AT at
[35:24] PDDLP_TOKEN_START start
[35:30] PDDLP_TOKEN_LPAREN (
[35:31] PDDLP_TOKEN_NAME clear
[35:37] PDDLP_TOKEN_VARIABLE ?to
[35:40] PDDLP_TOKEN_RPAREN )
[35:41] PDDLP_TOKEN_RPAREN )
[36:20] PDDLP_TOKEN_LPAREN (
[36:21] PDDLP_TOKEN_OVER over
[36:26] PDDLP_TOKEN_ALL all
[36:30] PDDLP_TOKEN_LPAREN (
[36:31] PDDLP_TOKEN_NAME MOVE-DIR
[36:40] PDDLP_TOKEN_VARIABLE ?ppos
[36:46] PDDLP_TOKEN_VARIABLE ?from
[36:52] PDDLP_TOKEN_VARIABLE ?dir
[36:56] PDDLP_TOKEN_RPAREN )
[36:57] PDDLP_TOKEN_RPAREN )
[37:20] PDDLP_TOKEN_LPAREN (
[37:21] PDDLP_TOKEN_OVER over
[37:26] PDDLP_TOKEN_ALL all
[37:30] PDDLP_TOKEN_LPAREN (
[37:31] PDDLP_TOKEN_NAME MOVE-DIR
[37:40] PDDLP_TOKEN_VARIABLE ?from
[37:46] PDDLP_TOKEN_VARIABLE ?to
[37:50] PDDLP_TOKEN_VARIABLE ?dir
[37:54] PDDLP_TOKEN_RPAREN )
[37:55] PDDLP_TOKEN_RPAREN )
[38:20] PDDLP_TOKEN_LPAREN (
[38:21] PDDLP_TOKEN_OVER over
[38:26] PDDLP_TOKEN_ALL all
[38:30] PDDLP_TOKEN_LPAREN (
[38:31] PDDLP_TOKEN_NAME IS-NONGOAL
[38:42] PDDLP_TOKEN_VARIABLE ?to
[38:45] PDDLP_TOKEN_RPAREN )
[38:46] PDDLP_TOKEN_RPAREN )
[39:20] PDDLP_TOKEN_RPAREN )
[40:04] PDDLP_TOKEN_SYM_EFFECT :effect
[40:15] PDDLP_TOKEN_LPAREN (
[40:16] PDDLP_TOKEN_AND and
[40:20] PDDLP_TOKEN_LPAREN (
[40:21] PDDLP_TOKEN_AT at
[40:24] PDDLP_TOKEN_START start
[40:30] PDDLP_TOKEN_LPAREN (
[40:31] PDDLP_TOKEN_NOT not
[40:35] PDDLP_TOKEN_LPAREN (
[40:36] PDDLP_TOKEN_AT at
[40:39] PDDLP_TOKEN_VARIABLE ?p
[40:42] PDDLP_TOKEN_VARIABLE ?ppos
[40:47] PDDLP_TOKEN_RPAREN )
[40:48] PDDLP_TOKEN_RPAREN )
[40:49] PDDLP_TOKEN_RPAREN )
[41:20] PDDLP_TOKEN_LPAREN (
[41:21] PDDLP_TOKEN_AT at
[41:24] PDDLP_TOKEN_START start
[41:30] PDDLP_TOKEN_LPAREN (
[41:31] PDDLP_TOKEN_NOT not
[41:35] PDDLP_TOKEN_LPAREN (
[41:36] PDDLP_TOKEN_AT at
[41:39] PDDLP_TOKEN_VARIABLE ?s
[41:42] PDDLP_TOKEN_VARIABLE ?from
[41:47] PDDLP_TOKEN_RPAREN )
[41:48] PDDLP_TOKEN_RPAREN )
[41:49] PDDLP_TOKEN_RPAREN )
[42:20] PDDLP_TOKEN_LPAREN (
[42:21] PDDLP_TOKEN_AT at
[42:24] PDDLP_TOKEN_START start
[42:30] PDDLP_TOKEN_LPAREN (
[42:31] PDDLP_TOKEN_NOT not
[42:35] PDDLP_TOKEN_LPAREN (
[42:36] PDDLP_TOKEN_NAME clear
[42:42] PDDLP_TOKEN_VARIABLE ?to
[42:45] PDDLP_TOKEN_RPAREN )
[42:46] PDDLP_TOKEN_RPAREN )
[42:47] PDDLP_TOKEN_RPAREN )
[43:20] PDDLP_TOKEN_LPAREN (
[43:21] PDDLP_TOKEN_AT at
[43:24] PDDLP_TOKEN_END end
[43:28] PDDLP_TOKEN_LPAREN (
[43:29] PDDLP_TOKEN_AT at
[43:32] PDDLP_TOKEN_VARIABLE ?p
[43:35] PDDLP_TOKEN_VARIABLE ?from
[43:40] PDDLP_TOKEN_RPAREN )
[43:41] PDDLP_TOKEN_RPAREN )
[44:20] PDDLP_TOKEN_LPAREN (
[44:21] PDDLP_TOKEN_AT at
[44:24] PDDLP_TOKEN_END end
[44:28] PDDLP_TOKEN_LPAREN (
[44:29] PDDLP_TOKEN_AT at
[44:32] PDDLP_TOKEN_VARIABLE ?s
[44:35] PDDLP_TOKEN_VARIABLE ?to
[44:38] PDDLP_TOKEN_RPAREN )
[44:39] PDDLP_TOKEN_RPAREN )
[45:20] PDDLP_TOKEN_LPAREN (
[45:21] PDDLP_TOKEN_AT at
[45:24] PDDLP_TOKEN_END end
[45:28] PDDLP_TOKEN_LPAREN (
[45:29] PDDLP_TOKEN_NAME clear
[45:35] PDDLP_TOKEN_VARIABLE ?ppos
[45:40] PDDLP_TOKEN_RPAREN )
[45:41] PDDLP_TOKEN_RPAREN )
[46:20] PDDLP_TOKEN_LPAREN (
[46:21] PDDLP_TOKEN_AT at
[46:24] PDDLP_TOKEN_START start
[46:30] PDDLP_TOKEN_LPAREN (
[46:31] PDDLP_TOKEN_NOT not
[46:35] PDDLP_TOKEN_LPAREN (
[46:36] PDDLP_TOKEN_NAME at-goal
[46:44] PDDLP_TOKEN_VARIABLE ?s
[46:46] PDDLP_TOKEN_RPAREN )
[46:47] PDDLP_TOKEN_RPAREN )
[46:48] PDDLP_TOKEN_RPAREN )
[47:20] PDDLP_TOKEN_RPAREN )
[48:04] PDDLP_TOKEN_RPAREN )
[50:03] PDDLP_TOKEN_LPAREN (
[50:04] PDDLP_TOKEN_SYM_DURATIVE_ACTION :durative-action
[50:21] PDDLP_TOKEN_NAME push-to-goal
[51:04] PDDLP_TOKEN_SYM_PARAMETERS :parameters
[51:16] PDDLP_TOKEN_LPAREN (
[51:17] PDDLP_TOKEN_VARIABLE ?p
[51:20] PDDLP_TOKEN_MINUS -
[51:22] PDDLP_TOKEN_NAME player
[51:29] PDDLP_TOKEN_VARIABLE ?s
[51:32] PDDLP_TOKEN_MINUS -
[51:34] PDDLP_TOKEN_NAME stone
[52:17] PDDLP_TOKEN_VARIABLE ?ppos
[52:23] PDDLP_TOKEN_VARIABLE ?from
[52:29] PDDLP_TOKEN_VARIABLE ?to
[52:33] PDDLP_TOKEN_MINUS -
[52:35] PDDLP_TOKEN_NAME location
[53:17] PDDLP_TOKEN_VARIABLE ?dir
[53:22] PDDLP_TOKEN_MINUS -
[53:24] PDDLP_TOKEN_NAME direction
[53:33] PDDLP_TOKEN_RPAREN )
[54:04] PDDLP_TOKEN_SYM_DURATION :duration
[54:15] PDDLP_TOKEN_LPAREN (
[54:16] PDDLP_TOKEN_EQ =
[54:18] PDDLP_TOKEN_VARIABLE ?duration
[54:28] PDDLP_TOKEN_NUMBER 1
[54:29] PDDLP_TOKEN_RPAREN )
[55:04] PDDLP_TOKEN_SYM_CONDITION :condition
[55:15] PDDLP_TOKEN_LPAREN (
[55:16] PDDLP_TOKEN_AND and
[55:20] PDDLP_TOKEN_LPAREN (
[55:21] PDDLP_TOKEN_AT at
[55:24] PDDLP_TOKEN_START start
[55:30] PDDLP_TOKEN_LPAREN (
[55:31] PDDLP_TOKEN_AT at
[55:34] PDDLP_TOKEN_VARIABLE ?p
[55:37] PDDLP_TOKEN_VARIABLE ?ppos
[55:42] PDDLP_TOKEN_RPAREN )
[55:43] PDDLP_TOKEN_RPAREN )
[56:20] PDDLP_TOKEN_LPAREN (
[56:21] PDDLP_TOKEN_AT at
[56:24] PDDLP_TOKEN_START start
[56:30] PDDLP_TOKEN_LPAREN (
[56:31] PDDLP_TOKEN_AT at
[56:34] PDDLP_TOKEN_VARIABLE ?s
[56:37] PDDLP_TOKEN_VARIABLE ?from
[56:42] PDDLP_TOKEN_RPAREN )
[56:43] PDDLP_TOKEN_RPAREN )
[57:20] PDDLP_TOKEN_LPAREN (
[57:21] PDDLP_TOKEN_AT at
[57:24] PDDLP_TOKEN_START start
[57:30] PDDLP_TOKEN_LPAREN (
[57:31] PDDLP_TOKEN_NAME clear
[57:37] PDDLP_TOKEN_VARIABLE ?to
[57:40] PDDLP_TOKEN_RPAREN )
[57:41] PDDLP_TOKEN_RPAREN )
[58:20] PDDLP_TOKEN_LPAREN (
[58:21] PDDLP_TOKEN_OVER over
[58:26] PDDLP_TOKEN_ALL all
[58:30] PDDLP_TOKEN_LPAREN (
[58:31] PDDLP_TOKEN_NAME MOVE-DIR
[58:40] PDDLP_TOKEN_VARIABLE ?ppos
[58:46] PDDLP_TOKEN_VARIABLE ?from
[58:52] PDDLP_TOKEN_VARIABLE ?dir
[58:56] PDDLP_TOKEN_RPAREN )
[58:57] PDDLP_TOKEN_RPAREN )
[59:20] PDDLP_TOKEN_LPAREN (
[59:21] PDDLP_TOKEN_OVER over
[59:26] PDDLP_TOKEN_ALL all
[59:30] PDDLP_TOKEN_LPAREN (
[59:31] PDDLP_TOKEN_NAME MOVE-DIR
[59:40] PDDLP_TOKEN_VARIABLE ?from
[59:46] PDDLP_TOKEN_VARIABLE ?to
[59:50] PDDLP_TOKEN_VARIABLE ?dir
[59:54] PDDLP_TOKEN_RPAREN )
[59:55] PDDLP_TOKEN_RPAREN )
[60:20] PDDLP_TOKEN_LPAREN (
[60:21] PDDLP_TOKEN_OVER over
[60:26] PDDLP_TOKEN_ALL all
[60:30] PDDLP_TOKEN_LPAREN (
[60:31] PDDLP_TOKEN_NAME IS-GOAL
[60:39] PDDLP_TOKEN_VARIABLE ?to
[60:42] PDDLP_TOKEN_RPAREN )
[60:43] PDDLP_TOKEN_RPAREN )
[61:20] PDDLP_TOKEN_RPAREN )
[62:04] PDDLP_TOKEN_SYM_EFFECT :effect
[62:15] PDDLP_TOKEN_LPAREN (
[62:16] PDDLP_TOKEN_AND and
[62:20] PDDLP_TOKEN_LPAREN (
[62:21] PDDLP_TOKEN_AT at
[62:24] PDDLP_TOKEN_START start
[62:30] PDDLP_TOKEN_LPAREN (
[62:31] PDDLP_TOKEN_NOT not
[62:35] PDDLP_TOKEN_LPAREN (
[62:36] PDDLP_TOKEN_AT at
[62:39] PDDLP_TOKEN_VARIABLE ?p
[62:42] PDDLP_TOKEN_VARIABLE ?ppos
[62:47] PDDLP_TOKEN_RPAREN )
[62:48] PDDLP_TOKEN_RPAREN )
[62:49] PDDLP_TOKEN_RPAREN )
[63:20] PDDLP_TOKEN_LPAREN (
[63:21] PDDLP_TOKEN_AT at
[63:24] PDDLP_TOKEN_START start
[63:30] PDDLP_TOKEN_LPAREN (
[63:31] PDDLP_TOKEN_NOT not
[63:35] PDDLP_TOKEN_LPAREN (
[63:36] PDDLP_TOKEN_AT at
[63:39] PDDLP_TOKEN_VARIABLE ?s
[63:42] PDDLP_TOKEN_VARIABLE ?from
[63:47] PDDLP_TOKEN_RPAREN )
[63:48] PDDLP_TOKEN_RPAREN )
[63:49] PDDLP_TOKEN_RPAREN )
[64:20] PDDLP_TOKEN_LPAREN (
[64:21] PDDLP_TOKEN_AT at
[64:24] PDDLP_TOKEN_START start
[64:30] PDDLP_TOKEN_LPAREN (
[64:31] PDDLP_TOKEN_NOT not
[64:35] PDDLP_TOKEN_LPAREN (
[64:36] PDDLP_TOKEN_NAME clear
[64:42] PDDLP_TOKEN_VARIABLE ?to
[64:45] PDDLP_TOKEN_RPAREN )
[64:46] PDDLP_TOKEN_RPAREN )
[64:47] PDDLP_TOKEN_RPAREN )
[65:20] PDDLP_TOKEN_LPAREN (
[65:21] PDDLP_TOKEN_AT at
[65:24] PDDLP_TOKEN_END end
[65:28] PDDLP_TOKEN_LPAREN (
[65:29] PDDLP_TOKEN_AT at
[65:32] PDDLP_TOKEN_VARIABLE ?p
[65:35] PDDLP_TOKEN_VARIABLE ?from
[65:40] PDDLP_TOKEN_RPAREN )
[65:41] PDDLP_TOKEN_RPAREN )
[66:20] PDDLP_TOKEN_LPAREN (
[66:21] PDDLP_TOKEN_AT at
[66:24] PDDLP_TOKEN_END end
[66:28] PDDLP_TOKEN_LPAREN (
[66:29] PDDLP_TOKEN_AT at
[66:32] PDDLP_TOKEN_VARIABLE ?s
[66:35] PDDLP_TOKEN_VARIABLE ?to
[66:38] PDDLP_TOKEN_RPAREN )
[66:39] PDDLP_TOKEN_RPAREN )
[67:20] PDDLP_TOKEN_LPAREN (
[67:21] PDDLP_TOKEN_AT at
[67:24] PDDLP_TOKEN_END end
[67:28] PDDLP_TOKEN_LPAREN (
[67:29] PDDLP_TOKEN_NAME clear
[67:35] PDDLP_TOKEN_VARIABLE ?ppos
[67:40] PDDLP_TOKEN_RPAREN )
[67:41] PDDLP_TOKEN_RPAREN )
[68:20] PDDLP_TOKEN_LPAREN (
[68:21] PDDLP_TOKEN_AT at
[68:24] PDDLP_TOKEN_END end
[68:28] PDDLP_TOKEN_LPAREN (
[68:29] PDDLP_TOKEN_NAME at-goal
[68:37] PDDLP_TOKEN_VARIABLE ?s
[68:39] PDDLP_TOKEN_RPAREN )
[68:40] PDDLP_TOKEN_RPAREN )
[69:20] PDDLP_TOKEN_RPAREN )
[70:04] PDDLP_TOKEN_RPAREN )
[71:01] PDDLP_TOKEN_RPAREN )
EOF