[01:01] PDDLP_TOKEN_SYM_ACTION :action
[02:01] PDDLP_TOKEN_SYM_ACTION_COSTS :action-costs
[03:01] PDDLP_TOKEN_SYM_ADL :adl
[04:01] PDDLP_TOKEN_SYM_CONDITION :condition
[05:01] PDDLP_TOKEN_SYM_CONDITIONAL_EFFECTS :conditional-effects
[06:01] PDDLP_TOKEN_SYM_CONSTANTS :constants
[07:01] PDDLP_TOKEN_SYM_CONSTRAINTS :constraints
[08:01] PDDLP_TOKEN_SYM_CONTINUOUS_EFFECTS :continuous-effects
[09:01] PDDLP_TOKEN_SYM_DERIVED :derived
[10:01] PDDLP_TOKEN_SYM_DERIVED_PREDICATES :derived-predicates
[11:01] PDDLP_TOKEN_ERROR :disjunctive-preconditions
[12:01] PDDLP_TOKEN_ERROR :domain
[13:01] PDDLP_TOKEN_ERROR :duration
[14:01] PDDLP_TOKEN_ERROR :duration-inequalities
[15:01] PDDLP_TOKEN_ERROR :durative-action
[16:01] PDDLP_TOKEN_ERROR :durative-actions
[17:01] PDDLP_TOKEN_ERROR :effect
[18:01] PDDLP_TOKEN_ERROR :effect
[19:01] PDDLP_TOKEN_ERROR :equality
[20:01] PDDLP_TOKEN_ERROR :existential-preconditions
[21:01] PDDLP_TOKEN_ERROR :fluents
[22:01] PDDLP_TOKEN_ERROR :functions
[23:01] PDDLP_TOKEN_ERROR :goal
[24:01] PDDLP_TOKEN_ERROR :init
[25:01] PDDLP_TOKEN_ERROR :length
[26:01] PDDLP_TOKEN_ERROR :metric
[27:01] PDDLP_TOKEN_ERROR :negative-preconditions
[28:01] PDDLP_TOKEN_ERROR :numeric-fluents
[29:01] PDDLP_TOKEN_ERROR :objects
[30:01] PDDLP_TOKEN_ERROR :parallel
[31:01] PDDLP_TOKEN_ERROR :parameters
[32:01] PDDLP_TOKEN_ERROR :precondition
[33:01] PDDLP_TOKEN_ERROR :predicates
[34:01] PDDLP_TOKEN_ERROR :preferences
[35:01] PDDLP_TOKEN_ERROR :quantified-preconditions
[36:01] PDDLP_TOKEN_ERROR :requirements
[37:01] PDDLP_TOKEN_ERROR :serial
[38:01] PDDLP_TOKEN_ERROR :strips
[39:01] PDDLP_TOKEN_ERROR :timed-initial-literals
[40:01] PDDLP_TOKEN_ERROR :types
[41:01] PDDLP_TOKEN_ERROR :typing
[42:01] PDDLP_TOKEN_ERROR :universal-preconditions
EOF
error count: 32